EN carry_save_multiplier NULL "C:/Users/Ali/Desktop/CA/az7_report (4)/az7_report/codes/carry_save_multiplier.vhd" sub00/vhpl04 1673435675
AR carry_save_multiplier behavioral "C:/Users/Ali/Desktop/CA/az7_report (4)/az7_report/codes/carry_save_multiplier.vhd" sub00/vhpl05 1673435676
EN half_adder NULL "C:/Users/Ali/Desktop/CA/az7_report (4)/az7_report/codes/half_adder.vhd" sub00/vhpl00 1673435671
EN full_adder NULL "C:/Users/Ali/Desktop/CA/az7_report (4)/az7_report/codes/full_adder.vhd" sub00/vhpl02 1673435673
AR full_adder behavioral "C:/Users/Ali/Desktop/CA/az7_report (4)/az7_report/codes/full_adder.vhd" sub00/vhpl03 1673435674
AR half_adder behavioral "C:/Users/Ali/Desktop/CA/az7_report (4)/az7_report/codes/half_adder.vhd" sub00/vhpl01 1673435672
